// Jest Snapshot v1, https://goo.gl/fbAQLP

exports[`LoginScreen tests Should match the snapshot 1`] = `
<LoginScreen
  history={
    Object {
      "push": [MockFunction],
      "replace": [MockFunction],
    }
  }
>
  <h1>
    Login Screen
  </h1>
  <hr />
  <div
    style={
      Object {
        "width": "200px",
      }
    }
  >
    <button
      className="btn btn-outline-primary m-5 btn-block"
      onClick={[Function]}
      type="button"
    >
      Log in
    </button>
  </div>
</LoginScreen>
`;
