// Jest Snapshot v1, https://goo.gl/fbAQLP

exports[`TodoList Should match with the snapshot 1`] = `
<ol
  className="list-group list-group-flush"
>
  <TodoListItem
    handleDelete={[MockFunction]}
    handleTodo={[MockFunction]}
    index={0}
    key="1"
    todo={
      Object {
        "description": "test todo 1",
        "done": false,
        "id": 1,
      }
    }
  />
  <TodoListItem
    handleDelete={[MockFunction]}
    handleTodo={[MockFunction]}
    index={1}
    key="2"
    todo={
      Object {
        "description": "test todo 2",
        "done": false,
        "id": 2,
      }
    }
  />
</ol>
`;
