// Jest Snapshot v1, https://goo.gl/fbAQLP

exports[`CardComponent Should show the CardComponent 1`] = `
<div
  className="card-item"
>
  <img
    alt="pokemonimage"
    className="card-item__img"
    src="url"
  />
  <div
    className="card-item__details"
  >
    <p
      className="card-item__details--title"
    >
      Label: Title
    </p>
    <p
      className="card-item__details--sub-title"
    >
      SubLabel: SubTitle
    </p>
  </div>
</div>
`;
